Test run for C:\Users\Georgi\source\repos\Fourth.TradersTask\tests\Fourth.TradersTask.UnitTests\bin\Debug\net9.0\Fourth.TradersTask.UnitTests.dll (.NETCoreApp,Version=v9.0)
Test run for C:\Users\Georgi\source\repos\Fourth.TradersTask\tests\Fourth.TradersTask.IntegrationTests\bin\Debug\net9.0\Fourth.TradersTask.IntegrationTests.dll (.NETCoreApp,Version=v9.0)
VSTest version 17.14.1 (x64)VSTest version 17.14.1 (x64)



Starting test execution, please wait...
Starting test execution, please wait...
A total of 1 test files matched the specified pattern.
A total of 1 test files matched the specified pattern.

Passed!  - Failed:     0, Passed:    18, Skipped:     0, Total:    18, Duration: 56 ms - Fourth.TradersTask.UnitTests.dll (net9.0)

Passed!  - Failed:     0, Passed:    14, Skipped:     0, Total:    14, Duration: 877 ms - Fourth.TradersTask.IntegrationTests.dll (net9.0)
